0 verbose cli C:\Program Files\nodejs\node.exe C:\Users\Padun\AppData\Roaming\npm\node_modules\npm\bin\npm-cli.js
1 info using npm@11.4.0
2 info using node@v22.15.1
3 silly config load:file:C:\Users\Padun\AppData\Roaming\npm\node_modules\npm\npmrc
4 silly config load:file:D:\Courses\Work\GitHubPortfolioV2\.npmrc
5 silly config load:file:C:\Users\Padun\.npmrc
6 silly config load:file:C:\Users\Padun\AppData\Roaming\npm\etc\npmrc
7 verbose title npm exec prettier@3.5.3 --write src/App.jsx src/styles.css
8 verbose argv "exec" "--yes" "--" "prettier@3.5.3" "--write" "src/App.jsx" "src/styles.css"
9 verbose logfile logs-max:10 dir:D:\Courses\Work\GitHubPortfolioV2\.npm-cache\_logs\2026-07-16T15_37_03_847Z-
10 verbose logfile D:\Courses\Work\GitHubPortfolioV2\.npm-cache\_logs\2026-07-16T15_37_03_847Z-debug-0.log
11 silly logfile start cleaning logs, removing 1 files
12 silly logfile done cleaning log files
13 silly packumentCache heap:4345298944 maxSize:1086324736 maxEntrySize:543162368
14 verbose shrinkwrap failed to load node_modules/.package-lock.json out of date, updated: node_modules
15 http fetch GET 200 https://registry.npmjs.org/prettier 201ms (cache miss)
16 silly packumentCache heap:4345298944 maxSize:1086324736 maxEntrySize:543162368
17 silly packumentCache heap:4345298944 maxSize:1086324736 maxEntrySize:543162368
18 silly idealTree buildDeps
19 silly fetch manifest prettier@3.5.3
20 silly packumentCache full:https://registry.npmjs.org/prettier cache-miss
21 http fetch GET 200 https://registry.npmjs.org/prettier 73ms (cache miss)
22 silly packumentCache full:https://registry.npmjs.org/prettier set size:undefined disposed:false
23 silly placeDep ROOT prettier@3.5.3 OK for:  want: 3.5.3
24 silly reify moves {}
25 http cache prettier@https://registry.npmjs.org/prettier/-/prettier-3.5.3.tgz 0ms (cache hit)
26 silly tarball no local data for prettier@https://registry.npmjs.org/prettier/-/prettier-3.5.3.tgz. Extracting by manifest.
27 http fetch GET 200 https://registry.npmjs.org/prettier/-/prettier-3.5.3.tgz 282ms (cache miss)
28 verbose cwd D:\Courses\Work\GitHubPortfolioV2
29 verbose os Windows_NT 10.0.26200
30 verbose node v22.15.1
31 verbose npm  v11.4.0
32 verbose exit 0
33 info ok
